// Jest Snapshot v1, https://goo.gl/fbAQLP

exports[`Wallet Render 1`] = `ShallowWrapper {}`;
